// Jest Snapshot v1, https://goo.gl/fbAQLP

exports[`CardListComponent expect to render CardList component 1`] = `
<div>
  <Card
    email="srpepe@email.com"
    id={1}
    key="1"
    name="SeÃ±or Pepe"
  />
</div>
`;
